{
    "owner_id": 2,
    "make": "Tesla",
    "model": "Model 3",
    "year": 2021,
    "color": "Green",
    "plate_number": "ylj-5286",
    "vin": "18w8z1z9a5i4l2h8d6w",
    "category": "electric",
    "fuel_type": "diesel",
    "transmission": "cvt",
    "seats": 5,
    "doors": 2,
    "engine_size": "1.5",
    "mileage": 21733,
    "daily_rate": "158.00",
    "location": "Port Emiliefurt",
    "pickup_location": "29593 Kling Manors\nElmerburgh, NC 49902",
    "is_available": true,
    "insurance_included": true,
    "insurance_expiry": "2027-01-30T00:00:00.000000Z",
    "description": "In quis magnam aut placeat et eum omnis. Soluta ipsam expedita porro mollitia mollitia. Architecto ut officiis sed et sit eos.",
    "terms_and_conditions": "Tempore minus maxime modi non. Aut et eum quis at.",
    "oil_type": "10W-30",
    "last_oil_change": null,
    "policy": "In sed et accusamus. Perferendis et totam sit ad. Dignissimos cum deleniti accusamus iure excepturi suscipit.",
    "featured_image": "vehicles\/electric-tesla-model3.jpg",
    "status": "published",
    "owner": {
        "name": "Dr. Prince Kris IV",
        "email": "aratke@example.net",
        "email_verified_at": "2025-09-24T11:30:53.000000Z",
        "phone": "1-574-422-6124",
        "role": "owner",
        "license_number": "hjk-1541-1973",
        "id_document_path": "documents\/ids\/102a45b3-f3ef-36dd-904d-7fad13e284bc.pdf",
        "license_document_path": "documents\/licenses\/25437f96-cb36-3f47-8a6e-196bbc190532.pdf",
        "is_verified": true,
        "date_of_birth": "2006-05-02T00:00:00.000000Z",
        "address": "5414 Kilback Ports\nNew Lucienneside, CO 34721",
        "status": "active",
        "deleted_at": null,
        "is_new_user": true,
        "has_changed_default_password": false,
        "last_login_at": null,
        "password_changed_at": null,
        "avatar": null
    },
    "bookings": [
        {
            "renter_id": 5,
            "vehicle_id": 1,
            "start_date": "2025-09-27T19:55:28.000000Z",
            "end_date": "2025-10-10T19:55:28.000000Z",
            "total_amount": "504.00",
            "status": "confirmed",
            "pickup_location": "944 Johns Park Suite 551\nEast Ebba, CA 54701",
            "dropoff_location": "306 Alana Centers\nCartwrightburgh, NE 88083-7119",
            "special_requests": null,
            "deposit_amount": "100.80",
            "commission_amount": "75.60",
            "deleted_at": null,
            "payment_status": "unpaid",
            "payment_method": null,
            "days": 14,
            "daily_rate": null,
            "subtotal": null,
            "insurance_fee": null,
            "tax_amount": null
        },
        {
            "renter_id": 4,
            "vehicle_id": 1,
            "start_date": "2025-10-21T23:40:25.000000Z",
            "end_date": "2025-10-26T23:40:25.000000Z",
            "total_amount": "768.00",
            "status": "pending",
            "pickup_location": "8207 Howe Ways\nNew Shanna, VA 72105",
            "dropoff_location": "90714 Estefania Ridge\nGleasonbury, WV 70588-1759",
            "special_requests": null,
            "deposit_amount": "153.60",
            "commission_amount": "115.20",
            "deleted_at": null,
            "payment_status": "unpaid",
            "payment_method": null,
            "days": 6,
            "daily_rate": null,
            "subtotal": null,
            "insurance_fee": null,
            "tax_amount": null
        }
    ],
    "reviews": []
}